// Jest Snapshot v1, https://goo.gl/fbAQLP

exports[`renders correctly 1`] = `
<View
  onLayout={[Function]}
  style={
    Array [
      Object {
        "alignItems": "center",
        "backgroundColor": "#1C1C1C",
        "flex": 1,
        "justifyContent": "center",
      },
      Object {
        "paddingBottom": 0,
      },
    ]
  }
>
  <Image
    source={1}
    style={
      Object {
        "height": 119,
        "marginBottom": 50,
        "width": 250,
      }
    }
  />
  <View
    style={
      Object {
        "width": "80%",
      }
    }
  >
    <TextInput
      onChangeText={[Function]}
      placeholder="Email"
      style={
        Object {
          "backgroundColor": "#FFFFFF",
          "borderRadius": 10,
          "marginBottom": 4,
          "marginTop": 5,
          "paddingHorizontal": 15,
          "paddingVertical": 10,
        }
      }
    />
    <TextInput
      onChangeText={[Function]}
      placeholder="Password"
      secureTextEntry={true}
      style={
        Object {
          "backgroundColor": "#FFFFFF",
          "borderRadius": 10,
          "marginBottom": 4,
          "marginTop": 5,
          "paddingHorizontal": 15,
          "paddingVertical": 10,
        }
      }
    />
  </View>
  <View
    style={
      Object {
        "alignItems": "center",
        "justifyContent": "center",
        "marginTop": 7,
        "width": "60%",
      }
    }
  >
    <View
      accessible={true}
      collapsable={false}
      focusable={true}
      onClick={[Function]}
      onResponderGrant={[Function]}
      onResponderMove={[Function]}
      onResponderRelease={[Function]}
      onResponderTerminate={[Function]}
      onResponderTerminationRequest={[Function]}
      onStartShouldSetResponder={[Function]}
      style={
        Object {
          "alignItems": "center",
          "backgroundColor": "#CFAE70",
          "borderRadius": 10,
          "justifyContent": "center",
          "opacity": 1,
          "padding": 15,
          "width": "100%",
        }
      }
    >
      <Text
        style={
          Object {
            "color": "#FFFFFF",
            "fontSize": 16,
            "fontWeight": "700",
          }
        }
      >
        Login
      </Text>
    </View>
  </View>
  <View
    style={
      Object {
        "alignItems": "center",
        "justifyContent": "center",
        "marginTop": 7,
        "width": "60%",
      }
    }
  >
    <View
      accessible={true}
      collapsable={false}
      focusable={true}
      onClick={[Function]}
      onResponderGrant={[Function]}
      onResponderMove={[Function]}
      onResponderRelease={[Function]}
      onResponderTerminate={[Function]}
      onResponderTerminationRequest={[Function]}
      onStartShouldSetResponder={[Function]}
      style={
        Object {
          "alignItems": "center",
          "backgroundColor": "#FFFFFF",
          "borderColor": "#CFAE70",
          "borderRadius": 10,
          "borderWidth": 2,
          "justifyContent": "center",
          "marginTop": 5,
          "opacity": 1,
          "padding": 15,
          "width": "100%",
        }
      }
    >
      <Text
        style={
          Object {
            "color": "#1C1C1C",
            "fontSize": 16,
            "fontWeight": "700",
          }
        }
      >
        Register
      </Text>
    </View>
  </View>
</View>
`;
